Copyright 1986-2021 Xilinx, Inc. All Rights Reserved.
------------------------------------------------------------------------------------
| Tool Version : Vivado v.2021.1 (lin64) Build 3247384 Thu Jun 10 19:36:07 MDT 2021
| Date         : Thu Jan 12 16:08:58 2023
| Host         : desktop-1k5eij9.home running 64-bit Fedora release 36 (Thirty Six)
| Command      : report_control_sets -verbose -file Top_control_sets_placed.rpt
| Design       : Top
| Device       : xc7a100t
------------------------------------------------------------------------------------

Control Set Information

Table of Contents
-----------------
1. Summary
2. Histogram
3. Flip-Flop Distribution
4. Detailed Control Set Information

1. Summary
----------

+----------------------------------------------------------+-------+
|                          Status                          | Count |
+----------------------------------------------------------+-------+
| Total control sets                                       |    48 |
|    Minimum number of control sets                        |    48 |
|    Addition due to synthesis replication                 |     0 |
|    Addition due to physical synthesis replication        |     0 |
| Unused register locations in slices containing registers |   200 |
+----------------------------------------------------------+-------+
* Control sets can be merged at opt_design using control_set_merge or merge_equivalent_drivers
** Run report_qor_suggestions for automated merging and remapping suggestions


2. Histogram
------------

+--------------------+-------+
|       Fanout       | Count |
+--------------------+-------+
| Total control sets |    48 |
| >= 0 to < 4        |    17 |
| >= 4 to < 6        |     8 |
| >= 6 to < 8        |     6 |
| >= 8 to < 10       |     4 |
| >= 10 to < 12      |     2 |
| >= 12 to < 14      |     0 |
| >= 14 to < 16      |     0 |
| >= 16              |    11 |
+--------------------+-------+
* Control sets can be remapped at either synth_design or opt_design


3. Flip-Flop Distribution
-------------------------

+--------------+-----------------------+------------------------+-----------------+--------------+
| Clock Enable | Synchronous Set/Reset | Asynchronous Set/Reset | Total Registers | Total Slices |
+--------------+-----------------------+------------------------+-----------------+--------------+
| No           | No                    | No                     |              78 |           40 |
| No           | No                    | Yes                    |             145 |           50 |
| No           | Yes                   | No                     |              53 |           28 |
| Yes          | No                    | No                     |               0 |            0 |
| Yes          | No                    | Yes                    |              94 |           18 |
| Yes          | Yes                   | No                     |             190 |           67 |
+--------------+-----------------------+------------------------+-----------------+--------------+


4. Detailed Control Set Information
-----------------------------------

+----------------------------------------+-----------------------------------------------------------+------------------------------------------------------------+------------------+----------------+--------------+
|              Clock Signal              |                       Enable Signal                       |                      Set/Reset Signal                      | Slice Load Count | Bel Load Count | Bels / Slice |
+----------------------------------------+-----------------------------------------------------------+------------------------------------------------------------+------------------+----------------+--------------+
|  igame_logic/fsm/enable1_008_out       |                                                           | igame_logic/enable_life/enable1_00_reg_i_2_n_0             |                1 |              1 |         1.00 |
|  igame_logic/fsm/enable1_115_out       |                                                           | igame_logic/enable_life/enable1_00_reg_i_2_n_0             |                1 |              1 |         1.00 |
|  igame_logic/fsm/enable1_017_out       |                                                           | igame_logic/enable_life/enable1_00_reg_i_2_n_0             |                1 |              1 |         1.00 |
|  igame_logic/fsm/player_id_reg_1       |                                                           | igame_logic/enable_life/enable1_00_reg_i_2_n_0             |                1 |              1 |         1.00 |
|  igame_logic/fsm/enable2_004_out       |                                                           | igame_logic/enable_life/enable1_00_reg_i_2_n_0             |                1 |              1 |         1.00 |
|  clk_IBUF_BUFG                         | bitmap/VGA_vs_i_1_n_0                                     | rst_IBUF                                                   |                1 |              1 |         1.00 |
|  clk_IBUF_BUFG                         | bitmap/VGA_hs_i_1_n_0                                     | rst_IBUF                                                   |                1 |              1 |         1.00 |
|  igame_logic/fsm/enable2_013_out       |                                                           | igame_logic/enable_life/enable1_00_reg_i_2_n_0             |                1 |              1 |         1.00 |
|  igame_logic/fsm/stab2__0              |                                                           |                                                            |                1 |              1 |         1.00 |
|  igame_logic/fsm/newturn_reg_i_1_n_0   |                                                           |                                                            |                1 |              1 |         1.00 |
|  igame_logic/fsm/player_id_reg_i_2_n_0 |                                                           |                                                            |                1 |              1 |         1.00 |
|  igame_logic/fsm/enable2_102_out       |                                                           | igame_logic/enable_life/enable1_00_reg_i_2_n_0             |                1 |              1 |         1.00 |
|  igame_logic/fsm/enable2_111_out       |                                                           | igame_logic/enable_life/enable1_00_reg_i_2_n_0             |                1 |              1 |         1.00 |
|  igame_logic/fsm/enable_reg_i_1_n_0    |                                                           |                                                            |                1 |              1 |         1.00 |
|  igame_logic/fsm/atk_reg[1]_i_2_n_0    |                                                           |                                                            |                2 |              2 |         1.00 |
|  igame_logic/fsm/poke2_reg[1]_i_1_n_0  |                                                           |                                                            |                1 |              2 |         2.00 |
|  igame_logic/fsm/poke1_reg[1]_i_2_n_0  |                                                           |                                                            |                1 |              2 |         2.00 |
|  clk_IBUF_BUFG                         | igame_logic/enable_life/enable1_10                        | igame_logic/life_register1_10/life_temp[4]_i_1_n_0         |                2 |              4 |         2.00 |
|  clk_IBUF_BUFG                         | igame_logic/enable_life/enable1_01                        | igame_logic/life_register1_01/life_temp[4]_i_1_n_0         |                2 |              4 |         2.00 |
|  clk_IBUF_BUFG                         | igame_logic/enable_life/enable1_11                        | igame_logic/life_register1_11/life_temp[4]_i_1_n_0         |                2 |              4 |         2.00 |
|  clk_IBUF_BUFG                         | igame_logic/enable_life/enable2_00                        | igame_logic/life_register2_00/life_temp[4]_i_1_n_0         |                2 |              4 |         2.00 |
|  clk_IBUF_BUFG                         | igame_logic/enable_life/enable1_00                        | igame_logic/life_register1_00/life_temp[4]_i_1_n_0         |                2 |              4 |         2.00 |
|  clk_IBUF_BUFG                         | igame_logic/enable_life/enable2_10                        | igame_logic/life_register2_10/life_temp[4]_i_1_n_0         |                2 |              4 |         2.00 |
|  clk_IBUF_BUFG                         | igame_logic/enable_life/enable2_01                        | igame_logic/life_register2_01/life_temp[4]_i_1_n_0         |                2 |              4 |         2.00 |
|  clk_IBUF_BUFG                         | igame_logic/enable_life/enable2_11                        | igame_logic/life_register2_11/life_temp[4]_i_1_n_0         |                2 |              4 |         2.00 |
|  clk_IBUF_BUFG                         | idisplay_manager/idisplay_pokemon/cmt_x0                  | idisplay_manager/idisplay_pokemon/cmt_x[5]_i_1_n_0         |                2 |              6 |         3.00 |
|  clk_IBUF_BUFG                         | idisplay_manager/idisplay_letter/cmt_y0                   | idisplay_manager/idisplay_letter/cmt_y[5]_i_1__0_n_0       |                2 |              6 |         3.00 |
|  clk_IBUF_BUFG                         | idisplay_manager/idisplay_letter/cmt_x0                   | idisplay_manager/idisplay_letter/cmt_x[5]_i_1__0_n_0       |                2 |              6 |         3.00 |
|  clk_IBUF_BUFG                         | idisplay_manager/idisplay_life/cmt_addr_disp[11]_i_2_n_0  | idisplay_manager/idisplay_life/cmt_addr_disp00_in[11]      |                3 |              6 |         2.00 |
|  clk_IBUF_BUFG                         | idisplay_manager/idisplay_pokemon/cmt_y0                  | idisplay_manager/idisplay_pokemon/cmt_y[5]_i_1_n_0         |                2 |              6 |         3.00 |
|  clk_IBUF_BUFG                         | idisplay_manager/idisplay_life/cmt_life0                  | idisplay_manager/idisplay_life/cmt_life[6]_i_1_n_0         |                2 |              7 |         3.50 |
| ~CLKOUT_0                              | iPmodjSTK/SPI_Int/wSR_0                                   | rst_IBUF                                                   |                2 |              8 |         4.00 |
|  CLKOUT_0                              | iPmodjSTK/SPI_Int/rSR                                     | rst_IBUF                                                   |                2 |              8 |         4.00 |
|  clk_IBUF_BUFG                         | idisplay_manager/idisplay_life/cmt_x[7]_i_2_n_0           | idisplay_manager/idisplay_life/cmt_x[7]_i_1_n_0            |                3 |              8 |         2.67 |
|  clk_IBUF_BUFG                         | idisplay_manager/idisplay_life/cmt_y0                     | idisplay_manager/idisplay_life/cmt_addr_disp00_in[11]      |                2 |              8 |         4.00 |
|  clk_IBUF_BUFG                         | bitmap/v_counter                                          | rst_IBUF                                                   |                5 |             10 |         2.00 |
|  clk_IBUF_BUFG                         | idisplay_manager/idisplay_letter/E[0]                     | idisplay_manager/idisplay_life/cmt_addr_disp00_in[14]      |                5 |             10 |         2.00 |
|  clk_IBUF_BUFG                         | idisplay_manager/idisplay_arena/cmt[0]_i_1_n_0            | rst_IBUF                                                   |                4 |             16 |         4.00 |
|  clk_IBUF_BUFG                         | idisplay_manager/idisplay_letter/E[0]                     | idisplay_manager/idisplay_letter/cmt_y[5]_i_1__0_n_0       |                4 |             16 |         4.00 |
|  clk_IBUF_BUFG                         | idisplay_manager/idisplay_letter/E[0]                     | idisplay_manager/idisplay_pokemon/cmt_y[5]_i_1_n_0         |                4 |             16 |         4.00 |
|  damage_calcul/damage_temp3__0         |                                                           |                                                            |                7 |             21 |         3.00 |
| ~CLKOUT_0                              |                                                           | rst_IBUF                                                   |                6 |             21 |         3.50 |
| ~CLKOUT_0                              | iPmodjSTK/SPI_Ctrl/FSM_onehot_STATE_reg_n_0_[4]           | rst_IBUF                                                   |                5 |             22 |         4.40 |
|  clk_IBUF_BUFG                         | bitmap/pix_read_addr_rep[15]_i_2_n_0                      | bitmap/pix_read_addr_rep[15]_i_1_n_0                       |                6 |             25 |         4.17 |
|  clk_IBUF_BUFG                         | idisplay_manager/idisplay_sentence/cmt_addr_start_letter0 | idisplay_manager/idisplay_sentence/cmt_sentence[9]_i_1_n_0 |                7 |             26 |         3.71 |
| ~CLKOUT_0                              | iPmodjSTK/SPI_Ctrl/tmpSR                                  | rst_IBUF                                                   |                5 |             40 |         8.00 |
|  clk_IBUF_BUFG                         |                                                           |                                                            |               25 |             47 |         1.88 |
|  clk_IBUF_BUFG                         |                                                           | rst_IBUF                                                   |               64 |            169 |         2.64 |
+----------------------------------------+-----------------------------------------------------------+------------------------------------------------------------+------------------+----------------+--------------+


